By: RETBOT
// SWITCH
C2950 Boot Loader (C2950-HBOOT-M) Version 12.1(11r)EA1, RELEASE SOFTWARE (fc1)
Compiled Mon 22-Jul-02 18:57 by miwang
Cisco WS-C2950-24 (RC32300) processor (revision C0) with 21039K bytes of memory.
2950-24 starting...
Base ethernet MAC Address: 0006.2AA7.7726
Xmodem file system is available.
Initializing Flash...
flashfs[0]: 1 files, 0 directories
flashfs[0]: 0 orphaned files, 0 orphaned directories
flashfs[0]: Total bytes: 64016384
flashfs[0]: Bytes used: 3058048
flashfs[0]: Bytes available: 60958336
flashfs[0]: flashfs fsck took 1 seconds.
...done Initializing Flash.

Boot Sector Filesystem (bs:) installed, fsid: 3
Parameter Block Filesystem (pb:) installed, fsid: 4


Loading "flash:/c2950-i6q4l2-mz.121-22.EA4.bin"...
######################### [OK]
              Restricted Rights Legend

Use, duplication, or disclosure by the Government is
subject to restrictions as set forth in subparagraph
(c) of the Commercial Computer Software - Restricted
Rights clause at FAR sec. 52.227-19 and subparagraph
(c) (1) (ii) of the Rights in Technical Data and Computer
Software clause at DFARS sec. 252.227-7013.

           cisco Systems, Inc.
           170 West Tasman Drive
           San Jose, California 95134-1706



Cisco Internetwork Operating System Software
IOS (tm) C2950 Software (C2950-I6Q4L2-M), Version 12.1(22)EA4, RELEASE SOFTWARE(fc1)
Copyright (c) 1986-2005 by cisco Systems, Inc.
Compiled Wed 18-May-05 22:31 by jharirba

Cisco WS-C2950-24 (RC32300) processor (revision C0) with 21039K bytes of memory.
Processor board ID FHK0610Z0WC
Running Standard Image
24 FastEthernet/IEEE 802.3 interface(s)
By: RETBOT
63488K bytes of flash-simulated non-volatile configuration memory.
Base ethernet MAC Address: 0006.2AA7.7726
Motherboard assembly number: 73-5781-09 
Power supply part number: 34-0965-01
Motherboard serial number: FOC061004SZ
Power supply serial number: DAB0609127D
Model revision number: C0
Motherboard revision number: A0
Model number: WS-C2950-24
System serial number: FHK0610Z0WC

Cisco Internetwork Operating System Software
IOS (tm) C2950 Software (C2950-I6Q4L2-M), Version 12.1(22)EA4, RELEASE SOFTWARE(fc1)
Copyright (c) 1986-2005 by cisco Systems, Inc.
Compiled Wed 18-May-05 22:31 by jharirba

Press RETURN to get started!


%LINK-5-CHANGED: Interface FastEthernet0/11, changed state to up

%LINK-5-CHANGED: Interface FastEthernet0/2, changed state to up

%LINEPROTO-5-UPDOWN: Line protocol on Interface FastEthernet0/2, changed state to up

%LINK-5-CHANGED: Interface FastEthernet0/6, changed state to up

%LINEPROTO-5-UPDOWN: Line protocol on Interface FastEthernet0/6, changed state to up

%LINK-5-CHANGED: Interface FastEthernet0/15, changed state to up


Switch>ena
Switch#conf t
Enter configuration commands, one per line.  End with CNTL/Z.
Switch(config)#host VV
VV(config)#vlan 2
VV(config-vlan)#vlan3
                ^
% Invalid input detected at '^' marker.
	
VV(config-vlan)#exit
VV(config)#vlan 3
VV(config-vlan)#vlan 4
VV(config-vlan)#exit
VV(config)#int ranfe fa 0/1-5
                  ^
% Invalid input detected at '^' marker.
	By: RETBOT
VV(config)#sw
VV(config)#int range fa 0/1-5
VV(config-if-range)#sw
VV(config-if-range)#switchport mode 
VV(config-if-range)#switchport mode ac
VV(config-if-range)#switchport mode access 
VV(config-if-range)#swi
VV(config-if-range)#switchport access v
VV(config-if-range)#switchport access vlan 2
VV(config-if-range)#exit
VV(config)#int range fa 0/6-10
VV(config-if-range)#sw
VV(config-if-range)#switchport mode ac
VV(config-if-range)#switchport mode access 
VV(config-if-range)#sw
VV(config-if-range)#switchport access vlan 3
VV(config-if-range)#exit
VV(config)#int range fa 0/11-15
VV(config-if-range)#sw
VV(config-if-range)#switchport voice vlan 4
VV(config-if-range)#exit
VV(config)#int fa 0/24
VV(config-if)#swi
VV(config-if)#switchport mode tr
VV(config-if)#switchport mode trunk 
VV(config-if)#swi
VV(config-if)#switchport trunk all
% Incomplete command.
VV(config-if)#switchport trunk allo
VV(config-if)#switchport trunk allowed vlan 2-4
VV(config-if)#exit
VV(config)#wr
           ^
% Invalid input detected at '^' marker.
	
VV(config)#exit
VV#
%SYS-5-CONFIG_I: Configured from console by console

VV#wr
Building configuration...
[OK]
VV#
VV#
By: RETBOT

// ROUTER
Router>ena
Router#conf t
Enter configuration commands, one per line.  End with CNTL/Z.
Router(config)#
Router(config)#host R0
R0(config)#int fa 0/0
R0(config-if)#no sh

R0(config-if)#
%LINK-5-CHANGED: Interface FastEthernet0/0, changed state to up

%LINEPROTO-5-UPDOWN: Line protocol on Interface FastEthernet0/0, changed state to up

R0(config-if)#int fa 0/0.2
R0(config-subif)#
%LINK-5-CHANGED: Interface FastEthernet0/0.2, changed state to up

%LINEPROTO-5-UPDOWN: Line protocol on Interface FastEthernet0/0.2, changed state to up

R0(config-subif)#enca
% Incomplete command.
R0(config-subif)#encapsulation dot1Q 2
R0(config-subif)#ip add 192.168.1.1 255.255.255.0
R0(config-subif)#exit
R0(config)#int fa 0/0.3
R0(config-subif)#
%LINK-5-CHANGED: Interface FastEthernet0/0.3, changed state to up

%LINEPROTO-5-UPDOWN: Line protocol on Interface FastEthernet0/0.3, changed state to up

R0(config-subif)#encapsulation dot1Q 3
R0(config-subif)#ip add 192.168.2.1 255.255.255.0
R0(config-subif)#exit
R0(config)#int fa 0/0.4
R0(config-subif)#
%LINK-5-CHANGED: Interface FastEthernet0/0.4, changed state to up

%LINEPROTO-5-UPDOWN: Line protocol on Interface FastEthernet0/0.4, changed state to up
By: RETBOT
R0(config-subif)#encapsulation dot1Q 4
R0(config-subif)#ip add 192.168.3.1 255.255.255.0
R0(config-subif)#exit
R0(config)#ip dhcp ex
R0(config)#ip dhcp excluded-address 192.168.1.1
R0(config)#ip dhcp excluded-address 192.168.2.1
R0(config)#ip dhcp excluded-address 192.168.3.1
R0(config)#ip dhcp pool DATOS

R0>ena
R0#conf t
Enter configuration commands, one per line.  End with CNTL/Z.
R0(config)#ip dhcp pool DATOS
R0(dhcp-config)#network 192.168.1.0 255.255.255.0
R0(dhcp-config)#def
R0(dhcp-config)#default-router 192.168.1.1
R0(dhcp-config)#op
R0(dhcp-config)#option 150 ip 192.168.1.1
R0(dhcp-config)#exit
R0(config)#ip dhcp pool ADMIN
R0(dhcp-config)#network 192.168.2.0 255.255.255.0
R0(dhcp-config)#default-router 192.168.2.1
R0(dhcp-config)#option 150 ip 192.168.2.1
R0(dhcp-config)#ip dhcp pool VOZ
R0(dhcp-config)#network 192.168.3.0 255.255.255.0
R0(dhcp-config)#default-router 192.168.3.1
R0(dhcp-config)#option 150 ip 192.168.3.1
R0(dhcp-config)#eixt
                 ^
% Invalid input detected at '^' marker.
	
R0(dhcp-config)#exit
R0(config)#do wr
Building configuration...
[OK]
R0(config)#
R0>ena
R0#conf t
Enter configuration commands, one per line.  End with CNTL/Z.
R0(config)#tel
R0(config)#telephony-service 
R0(config-telephony)#max-dn 5
R0(config-telephony)#max-ephone 5
R0(config-telephony)#ip so
R0(config-telephony)#ip source-address 192.18.3.1 port 2000
R0(config-telephony)#auto ass
R0(config-telephony)#auto assign 1 to 5
R0(config-telephony)#exit
R0(config)#wr
           ^
% Invalid input detected at '^' marker.
	
R0(config)#do wr
Building configuration...
[OK]
R0(config)#tel
R0(config)#telephony-service 
R0(config-telephony)#ephone-dn 1
R0(config-ephone-dn)#%LINK-3-UPDOWN: Interface ephone_dsp DN 1.1, changed state to up
By: RETBOT
R0(config-ephone-dn)#number 501
R0(config-ephone-dn)#ephone-dn 2
R0(config-ephone-dn)#%LINK-3-UPDOWN: Interface ephone_dsp DN 2.1, changed state to up
nomb
%IPPHONE-6-REGISTER: ephone-1 IP:192.168.3.2 Socket:2 DeviceType:Phone has registered
% Incomplete command.
R0(config-ephone-dn)#number 502
R0(config-ephone-dn)#
%IPPHONE-6-REGISTER: ephone-2 IP:192.168.3.3 Socket:2 DeviceType:Phone has registered.

R0(config-ephone-dn)#exit
R0(config)#do wr
Building configuration...
[OK]
R0(config)#
By: RETBOT
