//TFTP
By: RETBOT
Router>ena
Router#conf t
Enter configuration commands, one per line.  End with CNTL/Z.
Router(config)#int fa 0/0
Router(config-if)#ip add 192.168.1.1 255.255.255.0
Router(config-if)#no sh

Router(config-if)#
%LINK-5-CHANGED: Interface FastEthernet0/0, changedip add 192.168.1.1 255int fa ip add 192.168.1.1 255.255.255.0ip add 192.168.1.1 255.255.255.0
Router(config-if)#no sh
Router(config-if)#exeend
Router#
%SYS-5-CONFIG_I: Configured from console by console

Router#copy run
Router#copy running-config tftp
Address or name of remote host []? 192.168.1.10
Destination filename [Router-confg]? RETBOT

Writing running-config....!!
[OK - 615 bytes]

615 bytes copied in 3.058 secs (201 bytes/sec)
Router#wr
Building configuration...
[OK]

// Router 2
Router>ena
Router#conf t
Enter configuration commands, one per line.  End with CNTL/Z.
Router(config)#int fa 0/0
Router(config-if)#ip add 192.168.1.2
% Incomplete command.
Router(config-if)#ip add 192.168.1.2 255.255.255.0
Router(config-if)#no sh

Router(config-if)#
%LINK-5-CHANGED: Interface FastEthernet0/0, changed state to up

%LINEPROTO-5-UPDOWN: Line protocol on Interface FastEthernet0/0, changed state to up
By: RETBOT
Router(config-if)#end
Router#
%SYS-5-CONFIG_I: Configured from console by console

Router#copy tftp run
Router#copy tftp running-config 
Address or name of remote host []? 192.168.1.10
Source filename []? RETBOT
Destination filename [running-config]? 

Accessing tftp://192.168.1.10/RETBOT....
Loading RETBOT from 192.168.1.10: !
[OK - 615 bytes]

615 bytes copied in 3.002 secs (204 bytes/sec)
Router#
%SYS-5-CONFIG_I: Configured from console by console

Router#wr
Building configuration...
[OK]


// FTP
Router>en
Router#conf t
Enter configuration commands, one per line.  End with CNTL/Z.
Router(config)#int fa 0/0
Router(config-if)#ip add 192.168.5.1
% Incomplete command.
Router(config-if)#ip add 192.168.5.1 255.255.255.0
Router(config-if)#no sh

Router(config-if)#
%LINK-5-CHANGED: Interface FastEthernet0/0, changed state to up

%LINEPROTO-5-UPDOWN: Line protocol on Interface FastEthernet0/0, changed state to up
By: RETBOT
Router(config-if)#exit
Router(config)#ip ftp username RETBOT
Router(config)#ip ftp password 123
Router(config)#exit
Router#
%SYS-5-CONFIG_I: Configured from console by console

Router#copy running-config ftp
Address or name of remote host []? 192.168.5.5
Destination filename [Router-confg]? 
By: RETBOT
Writing running-config...
[OK - 658 bytes]

658 bytes copied in 0.084 secs (7000 bytes/sec)
Router#
Router#wr
Building configuration...
[OK]

// Router destino
Router>ena
Router#conf t
Enter configuration commands, one per line.  End with CNTL/Z.
Router(config)#int fa 0/0
Router(config-if)#iniip add 192.168.1.2
% Incomplete command.
Router(config-if)#ip add 192.168.1.2 255.255.255.0
Router(config-if)#no sh
Router(config)#ip ftp username RETBOT2
Router(config)#ip ftp passwo
Router(config)#ip ftp password 123
Router(config)#exit
By: RETBOT
