// TFTP
Router>ena
Router#conf t
Enter configuration commands, one per line.  End with CNTL/Z.
Router(config)#
Router(config)#
Router(config)#int fa 0/0
Router(config-if)#ip add 192.169.1.3
% Incomplete command.
Router(config-if)#ip add 192.169.1.3 255.255.255.0
Router(config-if)#no sh

Router(config-if)#
%LINK-5-CHANGED: Interface FastEthernet0/0, changed state to up

%LINEPROTO-5-UPDOWN: Line protocol on Interface FastEthernet0/0, changed state to up
Router(config-if)#exit
Router(config)#end
Router#
%SYS-5-CONFIG_I: Configured from console by console

Router#copy running-config tftp
Address or name of remote host []? 192.169.1.2
Destination filename [Router-confg]? robertotftp

Writing running-config...!!
[OK - 566 bytes]

566 bytes
566 bytes copied in 0.025 secs (22640 bytes/sec)
Router#wr
Building configuration...
[OK]
Router#

// FTP
Router>ena
Router#conf t
Enter configuration commands, one per line.  End with CNTL/Z.
Router(config)#int fa 0/0
Router(config-if)#ip add 192.169.1.4 255.255.255.0
Router(config-if)#no sh

Router(config-if)#
%LINK-5-CHANGED: Interface FastEthernet0/0, changed state to up

%LINEPROTO-5-UPDOWN: Line protocol on Interface FastEthernet0/0, changed state to up

Router(config-if)#exit
Router(config)#ip ftp username roberto
Router(config)#ip ftp password 123
Router(config)#exit
Router#
%SYS-5-CONFIG_I: Configured from console by console

Router#copy
Router#copy run
Router#copy running-config ftp
Address or name of remote host []? 192.169.1.2
Destination filename [Router-confg]? 

Writing running-config...
[OK - 610 bytes]

610 bytes copied in 0.078 secs (7000 bytes/sec)
Router#wr
Building configuration...
[OK]
Router#