
BIBLIOTECA>ena
BIBLIOTECA#conf t
Enter configuration commands, one per line.  End with CNTL/Z.
BIBLIOTECA(config)#ip doma
BIBLIOTECA(config)#ip domain-name itlalaguna.edu.mx
BIBLIOTECA(config)#cr
BIBLIOTECA(config)#crypto key generate rsa
The name for the keys will be: BIBLIOTECA.itlalaguna.edu.mx
Choose the size of the key modulus in the range of 360 to 2048 for your
  General Purpose Keys. Choosing a key modulus greater than 512 may take
  a few minutes.

How many bits in the modulus [512]: 512
% Generating 512 bit RSA keys, keys will be non-exportable...[OK]

BIBLIOTECA(config)#ip ssh time-out 15
*Mar 1 4:23:3.838: RSA key size needs to be at least 768 bits for ssh version 2
*Mar 1 4:23:3.838: %SSH-5-ENABLED: SSH 1.5 has been enabled
BIBLIOTECA(config)#ip ssh authentication-retries 3
BIBLIOTECA(config)#username ADMIN password 123456
BIBLIOTECA(config)#line vty 0 2
BIBLIOTECA(config-line)#password CISCO
BIBLIOTECA(config-line)#exect-timeout 10
                            ^
% Invalid input detected at '^' marker.
	
BIBLIOTECA(config-line)#exec-timeout 10
BIBLIOTECA(config-line)#transport input ssh
BIBLIOTECA(config-line)#login local
BIBLIOTECA(config-line)#banner motd "SOLO PERSONALAUTORIZADO"
BIBLIOTECA(config)#do wr
Building configuration...
[OK]
BIBLIOTECA(config)#

username admin2 privilege 15 secret Firewall.cx
username "nombre usuario" privilege "numero de privilegio" secret "contraseña"

ssh -l admin2 13.43.3.129
password: Firewall.cx


ssh -l admin 13.43.3.129
password: 123456